[line 1] Error at '74': Expect '{' before function body.
