[line 1] Error at 'c': Expect ')' after parameters.
