(/ (* (- (group (+ (- 44.0) 35.0))) (group (* 74.0 26.0))) (group (+ 27.0 61.0)))
