(group (/ (* 39.0 (- 70.0)) (group (* 90.0 17.0))))
