IDENTIFIER bar null
IDENTIFIER baz null
EOF  null
