VAR var null
IDENTIFIER result null
EQUAL = null
LEFT_PAREN ( null
IDENTIFIER a null
PLUS + null
IDENTIFIER b null
RIGHT_PAREN ) null
GREATER > null
NUMBER 7 7.0
[line 1] Error: Unexpected character: &
[line 1] Error: Unexpected character: &
STRING "Success" Success
BANG_EQUAL != null
STRING "Failure" Failure
OR or null
IDENTIFIER x null
GREATER_EQUAL >= null
NUMBER 5 5.0
WHILE while null
LEFT_PAREN ( null
IDENTIFIER result null
RIGHT_PAREN ) null
LEFT_BRACE { null
VAR var null
IDENTIFIER counter null
EQUAL = null
NUMBER 0 0.0
IDENTIFIER counter null
EQUAL = null
IDENTIFIER counter null
PLUS + null
NUMBER 1 1.0
IF if null
LEFT_PAREN ( null
IDENTIFIER counter null
EQUAL_EQUAL == null
NUMBER 10 10.0
RIGHT_PAREN ) null
LEFT_BRACE { null
RETURN return null
NIL nil null
RIGHT_BRACE } null
RIGHT_BRACE } null
EOF  null
