IDENTIFIER _1236ar null
IDENTIFIER bar null
IDENTIFIER world_ null
IDENTIFIER baz null
IDENTIFIER _hello null
EOF  null
