(== (group (!= 70.0 92.0)) (group (>= (group (+ (- 28.0) 51.0)) (group (* 34.0 38.0)))))
