LEFT_PAREN ( null
RIGHT_PAREN ) null
[line 2] Error: Unexpected character: @
EOF  null
