NUMBER 1234.1234 1234.1234
DOT . null
NUMBER 1234 1234.0
DOT . null
EOF  null
