LEFT_PAREN ( null
LEFT_BRACE { null
LEFT_PAREN ( null
PLUS + null
LESS_EQUAL <= null
COMMA , null
RIGHT_PAREN ) null
RIGHT_BRACE } null
RIGHT_PAREN ) null
EOF  null
