67
152.6
It's a hot day. Stay hydrated!
Remember to use sunscreen!
