(>= (group (- 24.0 98.0)) (- (group (+ (/ 27.0 34.0) 17.0))))
