[line 1] Error at end: Expect ')' after expression.
