[line 1] Error at ';': Expect superclass method name.
