eligible for voting: true
eligible for driving: full license
eligible for drinking (US): true
