[line 1] Error: Unexpected character: @
EOF  null
