GREATER_EQUAL >= null
LESS_EQUAL <= null
LESS < null
GREATER > null
LESS_EQUAL <= null
EOF  null
