Plenty of time remaining:
2
Getting closer:
1
Countdown complete!
