STRING "world" world
[line 1] Error: Unterminated string.
EOF  null
