STRING "foo 	bar 123 // hello world!" foo 	bar 123 // hello world!
EOF  null
