RIGHT_PAREN ) null
RIGHT_PAREN ) null
LEFT_PAREN ( null
RIGHT_PAREN ) null
LEFT_PAREN ( null
RIGHT_PAREN ) null
LEFT_PAREN ( null
EOF  null
