LEFT_PAREN ( null
LEFT_BRACE { null
RIGHT_BRACE } null
LEFT_PAREN ( null
RIGHT_BRACE } null
RIGHT_PAREN ) null
RIGHT_PAREN ) null
EOF  null
