inner hello
outer hello
Undefined variable 'hello'.
[line 9]
