the expression below is invalid
Operands must be two numbers or two strings.
[line 2]
