First:
1
2
2
First:
2
8
8
First:
3
11
11
First:
4
15
15
reset
Second:
1
6
6
Second:
2
10
10
