young adult
eligible for voting: true
first-time voter: unlikely
eligible for driving: full license
eligible for drinking (US): true
