PLUS + null
PLUS + null
MINUS - null
MINUS - null
STAR * null
STAR * null
DOT . null
DOT . null
COMMA , null
COMMA , null
SEMICOLON ; null
SEMICOLON ; null
EOF  null
