Local x:
11
Local y:
19
Local x:
12
Local y:
18
Local x:
13
Local y:
17
x is less than y:
1
2
